# serializer version: 1
# name: test_snapshot[ort_profile_cpu.json]
  dict({
    'artifact_path': 'ort_profile_cpu.json',
    'backend': 'ort_profile',
    'facts': list([
      dict({
        'data': dict({
          'ms': 9.672,
          'phase': 'model_loading_uri',
          'us': 9672,
        }),
        'excerpt': '{"name": "model_loading_uri", "dur": 9672}',
        'id': 'f1',
        'kind': 'session_phase',
        'source': 'ort_profile_cpu.json:events[0]',
        'summary': 'model_loading_uri took 9.7 ms',
      }),
      dict({
        'data': dict({
          'ms': 11.794,
          'phase': 'session_initialization',
          'us': 11794,
        }),
        'excerpt': '{"name": "session_initialization", "dur": 11794}',
        'id': 'f2',
        'kind': 'session_phase',
        'source': 'ort_profile_cpu.json:events[1]',
        'summary': 'session_initialization took 11.8 ms',
      }),
      dict({
        'data': dict({
          'iterations': 5,
          'op_types': 6,
          'total_node_ms': 205.28,
          'total_node_us': 205280,
          'unique_nodes': 24,
        }),
        'excerpt': '120 Node kernel_time events, total dur 205280 us',
        'id': 'f3',
        'kind': 'profile_summary',
        'source': 'ort_profile_cpu.json:summary',
        'summary': '24 node(s) timed over ~5 iteration(s), 205.3 ms total node time',
      }),
      dict({
        'data': dict({
          'calls': 85,
          'distinct_nodes': 17,
          'ms': 202.256,
          'op': 'FusedConv',
          'raw_op': 'FusedConv',
          'share_pct': 98.53,
          'total_node_ms': 205.28,
          'us': 202256,
        }),
        'excerpt': 'op_name=FusedConv, total dur=202256 us over 85 call(s)',
        'id': 'f4',
        'kind': 'op_cost',
        'source': 'ort_profile_cpu.json:op:FusedConv',
        'summary': 'FusedConv: 202.3 ms (98.5% of measured node time)',
      }),
      dict({
        'data': dict({
          'ms': 16.242,
          'node': '/layer4/layer4.1/conv1/Conv',
          'op': 'FusedConv',
          'provider': 'CPUExecutionProvider',
          'raw_node': '/layer4/layer4.1/conv1/Conv',
          'share_pct': 7.91,
          'total_node_ms': 205.28,
          'us': 16242,
        }),
        'excerpt': '"/layer4/layer4.1/conv1/Conv_kernel_time": dur=16242, op_name=FusedConv',
        'id': 'f5',
        'kind': 'slowest_node',
        'source': 'ort_profile_cpu.json:events[21]',
        'summary': "slowest single node: '/layer4/layer4.1/conv1/Conv' (FusedConv) at 16.24 ms",
      }),
    ]),
  })
# ---
# name: test_snapshot[ort_profile_split.json]
  dict({
    'artifact_path': 'ort_profile_split.json',
    'backend': 'ort_profile',
    'facts': list([
      dict({
        'data': dict({
          'ms': 0.782,
          'phase': 'model_loading_uri',
          'us': 782,
        }),
        'excerpt': '{"name": "model_loading_uri", "dur": 782}',
        'id': 'f1',
        'kind': 'session_phase',
        'source': 'ort_profile_split.json:events[0]',
        'summary': 'model_loading_uri took 0.8 ms',
      }),
      dict({
        'data': dict({
          'ms': 104.941,
          'phase': 'session_initialization',
          'us': 104941,
        }),
        'excerpt': '{"name": "session_initialization", "dur": 104941}',
        'id': 'f2',
        'kind': 'session_phase',
        'source': 'ort_profile_split.json:events[1]',
        'summary': 'session_initialization took 104.9 ms',
      }),
      dict({
        'data': dict({
          'iterations': 5,
          'op_types': 4,
          'total_node_ms': 13.073,
          'total_node_us': 13073,
          'unique_nodes': 4,
        }),
        'excerpt': '20 Node kernel_time events, total dur 13073 us',
        'id': 'f3',
        'kind': 'profile_summary',
        'source': 'ort_profile_split.json:summary',
        'summary': '4 node(s) timed over ~5 iteration(s), 13.1 ms total node time',
      }),
      dict({
        'data': dict({
          'calls': 5,
          'distinct_nodes': 1,
          'ms': 11.732,
          'op': 'CoreML compiled subgraph #0',
          'raw_op': '7615378459790495232_CoreML_7615378459790495232_0',
          'share_pct': 89.74,
          'total_node_ms': 13.073,
          'us': 11732,
        }),
        'excerpt': 'op_name=7615378459790495232_CoreML_7615378459790495232_0, total dur=11732 us over 5 call(s)',
        'id': 'f4',
        'kind': 'op_cost',
        'source': 'ort_profile_split.json:op:7615378459790495232_CoreML_7615378459790495232_0',
        'summary': 'CoreML compiled subgraph #0: 11.7 ms (89.7% of measured node time)',
      }),
      dict({
        'data': dict({
          'calls': 5,
          'distinct_nodes': 1,
          'ms': 1.269,
          'op': 'CoreML compiled subgraph #1',
          'raw_op': '7615378459790495232_CoreML_7615378459790495232_1',
          'share_pct': 9.71,
          'total_node_ms': 13.073,
          'us': 1269,
        }),
        'excerpt': 'op_name=7615378459790495232_CoreML_7615378459790495232_1, total dur=1269 us over 5 call(s)',
        'id': 'f5',
        'kind': 'op_cost',
        'source': 'ort_profile_split.json:op:7615378459790495232_CoreML_7615378459790495232_1',
        'summary': 'CoreML compiled subgraph #1: 1.3 ms (9.7% of measured node time)',
      }),
      dict({
        'data': dict({
          'cpu_share_pct': 0.55,
          'cpu_us': 72,
          'provider_count': 2,
          'providers': dict({
            'CPUExecutionProvider': 72,
            'CoreMLExecutionProvider': 13001,
          }),
          'total_node_ms': 13.073,
        }),
        'excerpt': '2 providers in Node events: CPUExecutionProvider, CoreMLExecutionProvider',
        'id': 'f6',
        'kind': 'provider_time_split',
        'source': 'ort_profile_split.json:summary',
        'summary': 'node time split across providers: CoreMLExecutionProvider 13.0 ms (99%), CPUExecutionProvider 0.1 ms (1%)',
      }),
      dict({
        'data': dict({
          'ms': 11.558,
          'node': 'CoreML compiled subgraph #0',
          'op': 'CoreML compiled subgraph #0',
          'provider': 'CoreMLExecutionProvider',
          'raw_node': 'CoreMLExecutionProvider_7615378459790495232_CoreML_7615378459790495232_0_0',
          'share_pct': 88.41,
          'total_node_ms': 13.073,
          'us': 11558,
        }),
        'excerpt': '"CoreMLExecutionProvider_7615378459790495232_CoreML_7615378459790495232_0_0_kernel_time": dur=11558, op_name=7615378459790495232_CoreML_7615378459790495232_0',
        'id': 'f7',
        'kind': 'slowest_node',
        'source': 'ort_profile_split.json:events[2]',
        'summary': "slowest single node: 'CoreML compiled subgraph #0' (CoreML compiled subgraph #0) at 11.56 ms",
      }),
    ]),
  })
# ---
